// Jest Snapshot v1, https://goo.gl/fbAQLP

exports[`default state 1`] = `
{
  "hasFeatureToggle": false,
  "isBoxPlotToggleEnabled": false,
  "isDebugToggleEnabled": false,
  "isProjectLinkToggleEnabled": false,
}
`;
